2025-09-29 12:20:26 | ERROR | f1.console | [WARNING] 部分模組導入失敗: cannot import name 'run_single_driver_comprehensive_analysis' from 'modules' (unknown location)
2025-09-29 12:26:01 | ERROR | f1.console | [WARNING] 部分模組導入失敗: cannot import name 'run_single_driver_comprehensive_analysis' from 'modules' (unknown location)
2025-09-29 14:28:04 | ERROR | f1.console | [WARNING] 部分模組導入失敗: cannot import name 'run_single_driver_comprehensive_analysis' from 'modules' (unknown location)
2025-09-29 14:28:04 | ERROR | f1.console | [WARNING] 部分模組導入失敗: cannot import name 'run_single_driver_comprehensive_analysis' from 'modules' (unknown location)
2025-09-29 14:28:04 | ERROR | f1.console | [WARNING] 部分模組導入失敗: cannot import name 'run_single_driver_comprehensive_analysis' from 'modules' (unknown location)
2025-09-29 14:28:04 | ERROR | f1.console | [WARNING] 部分模組導入失敗: cannot import name 'run_single_driver_comprehensive_analysis' from 'modules' (unknown location)
2025-09-29 14:28:04 | ERROR | f1.console | [WARNING] 部分模組導入失敗: cannot import name 'run_single_driver_comprehensive_analysis' from 'modules' (unknown location)
2025-09-29 14:28:04 | ERROR | f1.console | [WARNING] 部分模組導入失敗: cannot import name 'run_single_driver_comprehensive_analysis' from 'modules' (unknown location)
2025-09-29 14:28:04 | ERROR | f1.console | [WARNING] 部分模組導入失敗: cannot import name 'run_single_driver_comprehensive_analysis' from 'modules' (unknown location)
2025-09-29 14:28:04 | ERROR | f1.console | [WARNING] 部分模組導入失敗: cannot import name 'run_single_driver_comprehensive_analysis' from 'modules' (unknown location)
2025-09-29 14:28:04 | ERROR | f1.console | [WARNING] 部分模組導入失敗: cannot import name 'run_single_driver_comprehensive_analysis' from 'modules' (unknown location)
2025-09-29 14:28:04 | WARNING | f1.console | +--------------+------+--------+------------+
|   事件類別   | 數量 | 百分比 |    說明    |
+--------------+------+--------+------------+
|    OTHER     |  64  | 55.7%  |  其他事件  |
|   PIT_EXIT   |  3   |  2.6%  |  未知類型  |
|  SAFETY_CAR  |  2   |  1.7%  |   安全車   |
|   RED_FLAG   |  1   |  0.9%  |  紅旗中斷  |
|  GREEN_FLAG  |  1   |  0.9%  |  未知類型  |
| YELLOW_FLAG  |  27  | 23.5%  |  黃旗警告  |
| TRACK_LIMITS |  14  | 12.2%  |  賽道界限  |
|     DRS      |  1   |  0.9%  |  未知類型  |
| PIT_RELATED  |  2   |  1.7%  | 維修站相關 |
+--------------+------+--------+------------+
2025-09-29 14:28:04 | ERROR | f1.console | +---------------+------+-------------------+
|    旗幟類型   | 數量 |        說明       |
+---------------+------+-------------------+
|  🟡 黃旗事件  |  5   |    黃旗警示事件   |
|  🔴 紅旗事件  |  1   |    比賽中止事件   |
| 🚗 安全車事件 |  2   |   安全車部署事件  |
|  🟢 綠旗事件  |  2   | 比賽恢復/坑道開啟 |
|  🔵 藍旗事件  |  4   |      讓道指示     |
| 🏁 方格旗事件 |  0   |      比賽結束     |
+---------------+------+-------------------+
2025-09-29 14:28:04 | WARNING | f1.console | 
🟡 黃旗事件詳細分析:
2025-09-29 14:28:04 | ERROR | f1.console | 
🔴 紅旗事件詳細分析:
2025-09-29 14:28:04 | ERROR | f1.console | [WARNING] 部分模組導入失敗: cannot import name 'run_single_driver_comprehensive_analysis' from 'modules' (unknown location)
2025-09-29 14:28:04 | ERROR | f1.console | [WARNING] 部分模組導入失敗: cannot import name 'run_single_driver_comprehensive_analysis' from 'modules' (unknown location)
2025-09-29 14:28:04 | ERROR | f1.console | [WARNING] 部分模組導入失敗: cannot import name 'run_single_driver_comprehensive_analysis' from 'modules' (unknown location)
2025-09-29 14:28:04 | ERROR | f1.console | [WARNING] 部分模組導入失敗: cannot import name 'run_single_driver_comprehensive_analysis' from 'modules' (unknown location)
2025-09-29 14:28:04 | ERROR | f1.console | [WARNING] 部分模組導入失敗: cannot import name 'run_single_driver_comprehensive_analysis' from 'modules' (unknown location)
2025-09-29 14:28:04 | ERROR | f1.console | [WARNING] 部分模組導入失敗: cannot import name 'run_single_driver_comprehensive_analysis' from 'modules' (unknown location)
2025-09-29 14:28:04 | WARNING | f1.console |    [WARNING] 基於位置計算距離
2025-09-29 14:28:04 | ERROR | f1.console | [WARNING] 部分模組導入失敗: cannot import name 'run_single_driver_comprehensive_analysis' from 'modules' (unknown location)
2025-09-29 14:28:04 | ERROR | f1.console | [WARNING] 部分模組導入失敗: cannot import name 'run_single_driver_comprehensive_analysis' from 'modules' (unknown location)
2025-09-29 14:28:05 | ERROR | f1.console | ❌ 導入 core 模組失敗: No module named 'core.json_generator'
2025-09-29 14:28:06 | WARNING | f1.console |    ⚠️ 車手1距離數據不是遞增的，正在排序...
2025-09-29 14:28:06 | WARNING | f1.console |    ⚠️ 車手1距離數據不是遞增的，正在排序...
2025-09-29 14:28:06 | WARNING | f1.console |    ⚠️ 車手2距離數據不是遞增的，正在排序...
2025-09-29 14:28:06 | WARNING | f1.console |    ⚠️ 車手2距離數據不是遞增的，正在排序...
2025-09-29 14:28:06 | WARNING | f1.console |    ⚠️ 車手1距離數據不是遞增的，正在排序...
2025-09-29 14:28:06 | WARNING | f1.console |    ⚠️ 車手1距離數據不是遞增的，正在排序...
2025-09-29 14:28:06 | WARNING | f1.console |    ⚠️ 車手2距離數據不是遞增的，正在排序...
2025-09-29 14:28:06 | WARNING | f1.console |    ⚠️ 車手2距離數據不是遞增的，正在排序...
2025-09-29 14:28:06 | WARNING | f1.console |    ⚠️ 車手1距離數據不是遞增的，正在排序...
2025-09-29 14:28:06 | WARNING | f1.console |    ⚠️ 車手1距離數據不是遞增的，正在排序...
2025-09-29 14:28:06 | WARNING | f1.console |    ⚠️ 車手2距離數據不是遞增的，正在排序...
2025-09-29 14:28:06 | WARNING | f1.console |    ⚠️ 車手2距離數據不是遞增的，正在排序...
2025-09-29 14:28:06 | WARNING | f1.console |    ⚠️ 車手1距離數據不是遞增的，正在排序...
2025-09-29 14:28:06 | WARNING | f1.console |    ⚠️ 車手1距離數據不是遞增的，正在排序...
2025-09-29 14:28:06 | WARNING | f1.console |    ⚠️ 車手2距離數據不是遞增的，正在排序...
2025-09-29 14:28:06 | WARNING | f1.console |    ⚠️ 車手2距離數據不是遞增的，正在排序...
2025-09-29 14:28:06 | WARNING | f1.console |    ⚠️ 車手1距離數據不是遞增的，正在排序...
2025-09-29 14:28:06 | WARNING | f1.console |    ⚠️ 車手2距離數據不是遞增的，正在排序...
2025-09-29 14:28:06 | WARNING | f1.console |    ⚠️ 車手1距離數據不是遞增的，正在排序...
2025-09-29 14:28:06 | WARNING | f1.console |    ⚠️ 車手1距離數據不是遞增的，正在排序...
2025-09-29 14:28:06 | WARNING | f1.console |    ⚠️ 車手2距離數據不是遞增的，正在排序...
2025-09-29 14:28:06 | WARNING | f1.console |    ⚠️ 車手2距離數據不是遞增的，正在排序...
2025-09-29 14:28:06 | WARNING | f1.console |    ⚠️ 車手1距離數據不是遞增的，正在排序...
2025-09-29 14:28:06 | WARNING | f1.console |    ⚠️ 車手2距離數據不是遞增的，正在排序...
2025-09-29 14:28:06 | WARNING | f1.console |    ⚠️ 車手1距離數據不是遞增的，正在排序...
2025-09-29 14:28:06 | WARNING | f1.console |    ⚠️ 車手2距離數據不是遞增的，正在排序...
2025-09-29 14:28:06 | WARNING | f1.console |    ⚠️ 車手2距離數據不是遞增的，正在排序...
2025-09-29 14:28:06 | WARNING | f1.console |    ⚠️ 車手1距離數據不是遞增的，正在排序...
2025-09-29 14:28:06 | WARNING | f1.console |    ⚠️ 車手2距離數據不是遞增的，正在排序...
2025-09-29 14:28:06 | WARNING | f1.console |    ⚠️ 車手1距離數據不是遞增的，正在排序...
2025-09-29 14:28:06 | WARNING | f1.console |    ⚠️ 車手2距離數據不是遞增的，正在排序...
2025-09-29 14:28:06 | WARNING | f1.console |    ⚠️ 車手1距離數據不是遞增的，正在排序...
2025-09-29 14:28:06 | WARNING | f1.console |    ⚠️ 車手2距離數據不是遞增的，正在排序...
2025-09-29 14:28:06 | WARNING | f1.console |    ⚠️ 車手1距離數據不是遞增的，正在排序...
2025-09-29 14:28:06 | WARNING | f1.console |    ⚠️ 車手2距離數據不是遞增的，正在排序...
2025-09-29 14:28:06 | WARNING | f1.console |    ⚠️ 車手1距離數據不是遞增的，正在排序...
2025-09-29 14:28:06 | WARNING | f1.console |    ⚠️ 車手2距離數據不是遞增的，正在排序...
2025-09-29 14:28:06 | WARNING | f1.console |    ⚠️ 車手1距離數據不是遞增的，正在排序...
2025-09-29 14:28:06 | WARNING | f1.console |    ⚠️ 車手2距離數據不是遞增的，正在排序...
2025-09-29 14:28:06 | WARNING | f1.console |    ⚠️ 車手1距離數據不是遞增的，正在排序...
2025-09-29 14:28:06 | WARNING | f1.console |    ⚠️ 車手2距離數據不是遞增的，正在排序...
2025-09-29 14:28:06 | WARNING | f1.console |    ⚠️ 車手1距離數據不是遞增的，正在排序...
2025-09-29 14:28:06 | WARNING | f1.console |    ⚠️ 車手2距離數據不是遞增的，正在排序...
2025-09-29 14:28:06 | WARNING | f1.console |    ⚠️ 車手1距離數據不是遞增的，正在排序...
2025-09-29 14:28:06 | WARNING | f1.console |    ⚠️ 車手2距離數據不是遞增的，正在排序...
2025-09-29 14:28:06 | WARNING | f1.console |    ⚠️ 車手1距離數據不是遞增的，正在排序...
2025-09-29 14:28:06 | WARNING | f1.console |    ⚠️ 車手2距離數據不是遞增的，正在排序...
2025-09-29 14:28:06 | WARNING | f1.console |    ⚠️ 車手1距離數據不是遞增的，正在排序...
2025-09-29 14:28:06 | WARNING | f1.console |    ⚠️ 車手2距離數據不是遞增的，正在排序...
2025-09-29 14:28:06 | WARNING | f1.console |    ⚠️ 車手1距離數據不是遞增的，正在排序...
2025-09-29 14:28:06 | WARNING | f1.console |    ⚠️ 車手2距離數據不是遞增的，正在排序...
2025-09-29 14:28:06 | WARNING | f1.console |    ⚠️ 車手1距離數據不是遞增的，正在排序...
2025-09-29 14:28:06 | WARNING | f1.console |    ⚠️ 車手2距離數據不是遞增的，正在排序...
2025-09-29 14:28:06 | WARNING | f1.console |    ⚠️ 車手1距離數據不是遞增的，正在排序...
2025-09-29 14:28:06 | WARNING | f1.console |    ⚠️ 車手2距離數據不是遞增的，正在排序...
2025-09-29 14:28:06 | WARNING | f1.console |    ⚠️ 車手1距離數據不是遞增的，正在排序...
2025-09-29 14:28:06 | WARNING | f1.console |    ⚠️ 車手2距離數據不是遞增的，正在排序...
2025-09-29 14:28:06 | WARNING | f1.console |    ⚠️ 車手1距離數據不是遞增的，正在排序...
2025-09-29 14:28:06 | WARNING | f1.console |    ⚠️ 車手2距離數據不是遞增的，正在排序...
2025-09-29 14:28:06 | WARNING | f1.console |    ⚠️ 車手1距離數據不是遞增的，正在排序...
2025-09-29 14:28:06 | WARNING | f1.console |    ⚠️ 車手2距離數據不是遞增的，正在排序...
2025-09-29 14:28:06 | WARNING | f1.console |    ⚠️ 車手1距離數據不是遞增的，正在排序...
2025-09-29 14:28:06 | WARNING | f1.console |    ⚠️ 車手2距離數據不是遞增的，正在排序...
2025-09-29 14:28:06 | WARNING | f1.console |    ⚠️ 車手1距離數據不是遞增的，正在排序...
2025-09-29 14:28:06 | WARNING | f1.console |    ⚠️ 車手2距離數據不是遞增的，正在排序...
2025-09-29 14:28:06 | WARNING | f1.console |    ⚠️ 車手1距離數據不是遞增的，正在排序...
2025-09-29 14:28:06 | WARNING | f1.console |    ⚠️ 車手2距離數據不是遞增的，正在排序...
2025-09-29 14:28:06 | WARNING | f1.console |    ⚠️ 車手1距離數據不是遞增的，正在排序...
2025-09-29 14:28:06 | WARNING | f1.console |    ⚠️ 車手2距離數據不是遞增的，正在排序...
2025-09-29 14:28:06 | WARNING | f1.console |    ⚠️ 車手1距離數據不是遞增的，正在排序...
2025-09-29 14:28:06 | WARNING | f1.console |    ⚠️ 車手2距離數據不是遞增的，正在排序...
2025-09-29 14:28:06 | WARNING | f1.console |    ⚠️ 車手1距離數據不是遞增的，正在排序...
2025-09-29 14:28:06 | WARNING | f1.console |    ⚠️ 車手2距離數據不是遞增的，正在排序...
2025-09-29 14:28:06 | WARNING | f1.console |    ⚠️ 車手1距離數據不是遞增的，正在排序...
2025-09-29 14:28:06 | WARNING | f1.console |    ⚠️ 車手2距離數據不是遞增的，正在排序...
2025-09-29 14:28:06 | WARNING | f1.console |    ⚠️ 車手1距離數據不是遞增的，正在排序...
2025-09-29 14:28:06 | WARNING | f1.console |    ⚠️ 車手2距離數據不是遞增的，正在排序...
2025-09-29 14:28:06 | WARNING | f1.console |    ⚠️ 車手1距離數據不是遞增的，正在排序...
2025-09-29 14:28:06 | WARNING | f1.console |    ⚠️ 車手2距離數據不是遞增的，正在排序...
2025-09-29 14:28:06 | WARNING | f1.console |    ⚠️ 車手1距離數據不是遞增的，正在排序...
2025-09-29 14:28:06 | WARNING | f1.console |    ⚠️ 車手2距離數據不是遞增的，正在排序...
2025-09-29 14:28:06 | WARNING | f1.console |    ⚠️ 車手1距離數據不是遞增的，正在排序...
2025-09-29 14:28:06 | WARNING | f1.console |    ⚠️ 車手1距離數據不是遞增的，正在排序...
2025-09-29 14:28:06 | WARNING | f1.console |    ⚠️ 車手2距離數據不是遞增的，正在排序...
2025-09-29 14:28:06 | WARNING | f1.console |    ⚠️ 車手2距離數據不是遞增的，正在排序...
2025-09-29 14:28:06 | WARNING | f1.console |    ⚠️ 車手1距離數據不是遞增的，正在排序...
2025-09-29 14:28:06 | WARNING | f1.console |    ⚠️ 車手2距離數據不是遞增的，正在排序...
2025-09-29 14:28:06 | WARNING | f1.console |    ⚠️ 車手1距離數據不是遞增的，正在排序...
2025-09-29 14:28:06 | WARNING | f1.console |    ⚠️ 車手2距離數據不是遞增的，正在排序...
2025-09-29 14:28:06 | WARNING | f1.console |    ⚠️ 車手1距離數據不是遞增的，正在排序...
2025-09-29 14:28:06 | WARNING | f1.console |    ⚠️ 車手2距離數據不是遞增的，正在排序...
2025-09-29 14:28:06 | WARNING | f1.console |    ⚠️ 車手1距離數據不是遞增的，正在排序...
2025-09-29 14:28:06 | WARNING | f1.console |    ⚠️ 車手2距離數據不是遞增的，正在排序...
2025-09-29 14:28:06 | WARNING | f1.console |    ⚠️ 車手1距離數據不是遞增的，正在排序...
2025-09-29 14:28:06 | WARNING | f1.console |    ⚠️ 車手2距離數據不是遞增的，正在排序...
2025-09-29 14:28:41 | ERROR | f1.console | [WARNING] 部分模組導入失敗: cannot import name 'run_single_driver_comprehensive_analysis' from 'modules' (unknown location)
2025-09-29 14:28:59 | ERROR | f1.console | [WARNING] 部分模組導入失敗: cannot import name 'run_single_driver_comprehensive_analysis' from 'modules' (unknown location)
2025-09-29 14:28:59 | ERROR | f1.console | [WARNING] 部分模組導入失敗: cannot import name 'run_single_driver_comprehensive_analysis' from 'modules' (unknown location)
2025-09-29 14:28:59 | ERROR | f1.console | [WARNING] 部分模組導入失敗: cannot import name 'run_single_driver_comprehensive_analysis' from 'modules' (unknown location)
2025-09-29 14:28:59 | ERROR | f1.console | [WARNING] 部分模組導入失敗: cannot import name 'run_single_driver_comprehensive_analysis' from 'modules' (unknown location)
2025-09-29 14:28:59 | ERROR | f1.console | [WARNING] 部分模組導入失敗: cannot import name 'run_single_driver_comprehensive_analysis' from 'modules' (unknown location)
2025-09-29 14:28:59 | ERROR | f1.console | [WARNING] 部分模組導入失敗: cannot import name 'run_single_driver_comprehensive_analysis' from 'modules' (unknown location)
2025-09-29 14:28:59 | ERROR | f1.console | [WARNING] 部分模組導入失敗: cannot import name 'run_single_driver_comprehensive_analysis' from 'modules' (unknown location)
2025-09-29 14:28:59 | ERROR | f1.console | [WARNING] 部分模組導入失敗: cannot import name 'run_single_driver_comprehensive_analysis' from 'modules' (unknown location)
2025-09-29 14:29:00 | WARNING | f1.console |    ⚠️ 車手1距離數據不是遞增的，正在排序...
2025-09-29 14:29:00 | WARNING | f1.console |    ⚠️ 車手2距離數據不是遞增的，正在排序...
2025-09-29 14:29:00 | WARNING | f1.console |    ⚠️ 車手1距離數據不是遞增的，正在排序...
2025-09-29 14:29:00 | WARNING | f1.console |    ⚠️ 車手2距離數據不是遞增的，正在排序...
2025-09-29 14:29:00 | WARNING | f1.console |    ⚠️ 車手1距離數據不是遞增的，正在排序...
2025-09-29 14:29:00 | WARNING | f1.console |    ⚠️ 車手2距離數據不是遞增的，正在排序...
2025-09-29 14:29:00 | WARNING | f1.console |    ⚠️ 車手1距離數據不是遞增的，正在排序...
2025-09-29 14:29:00 | WARNING | f1.console |    ⚠️ 車手2距離數據不是遞增的，正在排序...
2025-09-29 14:29:00 | WARNING | f1.console |    ⚠️ 車手1距離數據不是遞增的，正在排序...
2025-09-29 14:29:00 | WARNING | f1.console |    ⚠️ 車手2距離數據不是遞增的，正在排序...
2025-09-29 14:29:00 | WARNING | f1.console |    ⚠️ 車手1距離數據不是遞增的，正在排序...
2025-09-29 14:29:00 | WARNING | f1.console |    ⚠️ 車手2距離數據不是遞增的，正在排序...
2025-09-29 14:29:00 | WARNING | f1.console |    ⚠️ 車手1距離數據不是遞增的，正在排序...
2025-09-29 14:29:00 | WARNING | f1.console |    ⚠️ 車手2距離數據不是遞增的，正在排序...
2025-09-29 14:29:00 | WARNING | f1.console |    ⚠️ 車手1距離數據不是遞增的，正在排序...
2025-09-29 14:29:00 | WARNING | f1.console |    ⚠️ 車手1距離數據不是遞增的，正在排序...
2025-09-29 14:29:00 | WARNING | f1.console |    ⚠️ 車手2距離數據不是遞增的，正在排序...
2025-09-29 14:29:00 | WARNING | f1.console |    ⚠️ 車手2距離數據不是遞增的，正在排序...
2025-09-29 14:29:00 | WARNING | f1.console |    ⚠️ 車手1距離數據不是遞增的，正在排序...
2025-09-29 14:29:00 | WARNING | f1.console |    ⚠️ 車手2距離數據不是遞增的，正在排序...
2025-09-29 14:29:00 | WARNING | f1.console |    ⚠️ 車手1距離數據不是遞增的，正在排序...
2025-09-29 14:29:00 | WARNING | f1.console |    ⚠️ 車手1距離數據不是遞增的，正在排序...
2025-09-29 14:29:00 | WARNING | f1.console |    ⚠️ 車手1距離數據不是遞增的，正在排序...
2025-09-29 14:29:00 | WARNING | f1.console |    ⚠️ 車手2距離數據不是遞增的，正在排序...
2025-09-29 14:29:00 | WARNING | f1.console |    ⚠️ 車手2距離數據不是遞增的，正在排序...
2025-09-29 14:29:00 | WARNING | f1.console |    ⚠️ 車手1距離數據不是遞增的，正在排序...
2025-09-29 14:29:00 | WARNING | f1.console |    ⚠️ 車手2距離數據不是遞增的，正在排序...
2025-09-29 14:29:00 | WARNING | f1.console |    ⚠️ 車手2距離數據不是遞增的，正在排序...
2025-09-29 14:29:00 | WARNING | f1.console |    ⚠️ 車手1距離數據不是遞增的，正在排序...
2025-09-29 14:29:00 | WARNING | f1.console |    ⚠️ 車手2距離數據不是遞增的，正在排序...
2025-09-29 14:29:00 | WARNING | f1.console |    ⚠️ 車手1距離數據不是遞增的，正在排序...
2025-09-29 14:29:00 | WARNING | f1.console |    ⚠️ 車手2距離數據不是遞增的，正在排序...
2025-09-29 14:29:00 | WARNING | f1.console |    ⚠️ 車手1距離數據不是遞增的，正在排序...
2025-09-29 14:29:00 | WARNING | f1.console |    ⚠️ 車手1距離數據不是遞增的，正在排序...
2025-09-29 14:29:00 | WARNING | f1.console |    ⚠️ 車手2距離數據不是遞增的，正在排序...
2025-09-29 14:29:00 | WARNING | f1.console |    ⚠️ 車手2距離數據不是遞增的，正在排序...
2025-09-29 14:29:00 | WARNING | f1.console |    ⚠️ 車手1距離數據不是遞增的，正在排序...
2025-09-29 14:29:00 | WARNING | f1.console |    ⚠️ 車手2距離數據不是遞增的，正在排序...
2025-09-29 14:29:00 | WARNING | f1.console |    ⚠️ 車手1距離數據不是遞增的，正在排序...
2025-09-29 14:29:00 | WARNING | f1.console |    ⚠️ 車手2距離數據不是遞增的，正在排序...
2025-09-29 14:29:00 | WARNING | f1.console |    ⚠️ 車手1距離數據不是遞增的，正在排序...
2025-09-29 14:29:00 | WARNING | f1.console |    ⚠️ 車手1距離數據不是遞增的，正在排序...
2025-09-29 14:29:00 | WARNING | f1.console |    ⚠️ 車手2距離數據不是遞增的，正在排序...
2025-09-29 14:29:00 | WARNING | f1.console |    ⚠️ 車手2距離數據不是遞增的，正在排序...
2025-09-29 14:29:00 | WARNING | f1.console |    ⚠️ 車手1距離數據不是遞增的，正在排序...
2025-09-29 14:29:00 | WARNING | f1.console |    ⚠️ 車手2距離數據不是遞增的，正在排序...
2025-09-29 14:29:00 | WARNING | f1.console |    ⚠️ 車手1距離數據不是遞增的，正在排序...
2025-09-29 14:29:00 | WARNING | f1.console |    ⚠️ 車手1距離數據不是遞增的，正在排序...
2025-09-29 14:29:00 | WARNING | f1.console |    ⚠️ 車手2距離數據不是遞增的，正在排序...
2025-09-29 14:29:00 | WARNING | f1.console |    ⚠️ 車手2距離數據不是遞增的，正在排序...
2025-09-29 14:29:00 | WARNING | f1.console |    ⚠️ 車手1距離數據不是遞增的，正在排序...
2025-09-29 14:29:00 | WARNING | f1.console |    ⚠️ 車手2距離數據不是遞增的，正在排序...
2025-09-29 14:29:00 | WARNING | f1.console |    ⚠️ 車手1距離數據不是遞增的，正在排序...
2025-09-29 14:29:00 | WARNING | f1.console |    ⚠️ 車手1距離數據不是遞增的，正在排序...
2025-09-29 14:29:00 | WARNING | f1.console |    ⚠️ 車手1距離數據不是遞增的，正在排序...
2025-09-29 14:29:00 | WARNING | f1.console |    ⚠️ 車手2距離數據不是遞增的，正在排序...
2025-09-29 14:29:00 | WARNING | f1.console |    ⚠️ 車手2距離數據不是遞增的，正在排序...
2025-09-29 14:29:00 | WARNING | f1.console |    ⚠️ 車手2距離數據不是遞增的，正在排序...
2025-09-29 14:29:00 | WARNING | f1.console |    ⚠️ 車手1距離數據不是遞增的，正在排序...
2025-09-29 14:29:00 | WARNING | f1.console |    ⚠️ 車手2距離數據不是遞增的，正在排序...
2025-09-29 14:29:00 | WARNING | f1.console |    ⚠️ 車手1距離數據不是遞增的，正在排序...
2025-09-29 14:29:00 | WARNING | f1.console |    ⚠️ 車手2距離數據不是遞增的，正在排序...
2025-09-29 14:29:00 | WARNING | f1.console |    ⚠️ 車手1距離數據不是遞增的，正在排序...
2025-09-29 14:29:00 | WARNING | f1.console |    ⚠️ 車手2距離數據不是遞增的，正在排序...
2025-09-29 14:29:00 | WARNING | f1.console |    ⚠️ 車手1距離數據不是遞增的，正在排序...
2025-09-29 14:29:00 | WARNING | f1.console |    ⚠️ 車手2距離數據不是遞增的，正在排序...
2025-09-29 14:29:00 | WARNING | f1.console |    ⚠️ 車手1距離數據不是遞增的，正在排序...
2025-09-29 14:29:00 | WARNING | f1.console |    ⚠️ 車手1距離數據不是遞增的，正在排序...
2025-09-29 14:29:00 | WARNING | f1.console |    ⚠️ 車手2距離數據不是遞增的，正在排序...
2025-09-29 14:29:00 | WARNING | f1.console |    ⚠️ 車手2距離數據不是遞增的，正在排序...
2025-09-29 14:29:00 | WARNING | f1.console |    ⚠️ 車手1距離數據不是遞增的，正在排序...
2025-09-29 14:29:00 | WARNING | f1.console |    ⚠️ 車手2距離數據不是遞增的，正在排序...
2025-09-29 14:29:00 | WARNING | f1.console |    ⚠️ 車手1距離數據不是遞增的，正在排序...
2025-09-29 14:29:00 | WARNING | f1.console |    ⚠️ 車手2距離數據不是遞增的，正在排序...
2025-09-29 14:29:00 | WARNING | f1.console |    ⚠️ 車手1距離數據不是遞增的，正在排序...
2025-09-29 14:29:00 | WARNING | f1.console |    ⚠️ 車手2距離數據不是遞增的，正在排序...
2025-09-29 14:29:00 | WARNING | f1.console |    ⚠️ 車手1距離數據不是遞增的，正在排序...
2025-09-29 14:29:00 | WARNING | f1.console |    ⚠️ 車手2距離數據不是遞增的，正在排序...
2025-09-29 14:29:00 | WARNING | f1.console |    ⚠️ 車手1距離數據不是遞增的，正在排序...
2025-09-29 14:29:00 | WARNING | f1.console |    ⚠️ 車手1距離數據不是遞增的，正在排序...
2025-09-29 14:29:00 | WARNING | f1.console |    ⚠️ 車手2距離數據不是遞增的，正在排序...
2025-09-29 14:29:00 | WARNING | f1.console |    ⚠️ 車手2距離數據不是遞增的，正在排序...
2025-09-29 14:29:00 | WARNING | f1.console |    ⚠️ 車手1距離數據不是遞增的，正在排序...
2025-09-29 14:29:00 | WARNING | f1.console |    ⚠️ 車手2距離數據不是遞增的，正在排序...
2025-09-29 14:29:00 | WARNING | f1.console |    ⚠️ 車手1距離數據不是遞增的，正在排序...
2025-09-29 14:29:00 | WARNING | f1.console |    ⚠️ 車手2距離數據不是遞增的，正在排序...
2025-09-29 14:29:00 | WARNING | f1.console |    ⚠️ 車手1距離數據不是遞增的，正在排序...
2025-09-29 14:29:00 | WARNING | f1.console |    ⚠️ 車手2距離數據不是遞增的，正在排序...
2025-09-29 14:29:00 | WARNING | f1.console |    ⚠️ 車手1距離數據不是遞增的，正在排序...
2025-09-29 14:29:00 | WARNING | f1.console |    ⚠️ 車手2距離數據不是遞增的，正在排序...
2025-09-29 14:29:00 | WARNING | f1.console |    ⚠️ 車手1距離數據不是遞增的，正在排序...
2025-09-29 14:29:00 | WARNING | f1.console |    ⚠️ 車手2距離數據不是遞增的，正在排序...
2025-09-29 14:29:00 | WARNING | f1.console |    ⚠️ 車手1距離數據不是遞增的，正在排序...
2025-09-29 14:29:00 | WARNING | f1.console |    ⚠️ 車手2距離數據不是遞增的，正在排序...
2025-09-29 14:29:00 | WARNING | f1.console |    ⚠️ 車手1距離數據不是遞增的，正在排序...
2025-09-29 14:29:00 | WARNING | f1.console |    ⚠️ 車手2距離數據不是遞增的，正在排序...
2025-09-29 15:24:26 | ERROR | f1.console | [WARNING] 部分模組導入失敗: cannot import name 'run_single_driver_comprehensive_analysis' from 'modules' (unknown location)
2025-09-29 15:24:27 | ERROR | f1.console | [WARNING] 部分模組導入失敗: cannot import name 'run_single_driver_comprehensive_analysis' from 'modules' (unknown location)
2025-09-29 15:24:27 | ERROR | f1.console | [WARNING] 部分模組導入失敗: cannot import name 'run_single_driver_comprehensive_analysis' from 'modules' (unknown location)
2025-09-29 15:24:27 | ERROR | f1.console | ❌ 導入 core 模組失敗: No module named 'core.json_generator'
2025-09-29 15:24:27 | ERROR | f1.console | [WARNING] 部分模組導入失敗: cannot import name 'run_single_driver_comprehensive_analysis' from 'modules' (unknown location)
2025-09-29 15:24:27 | ERROR | f1.console | [WARNING] 部分模組導入失敗: cannot import name 'run_single_driver_comprehensive_analysis' from 'modules' (unknown location)
2025-09-29 15:24:27 | ERROR | f1.console | [WARNING] 部分模組導入失敗: cannot import name 'run_single_driver_comprehensive_analysis' from 'modules' (unknown location)
2025-09-29 15:24:27 | ERROR | f1.console | [WARNING] 部分模組導入失敗: cannot import name 'run_single_driver_comprehensive_analysis' from 'modules' (unknown location)
2025-09-29 15:24:27 | ERROR | f1.console | [WARNING] 部分模組導入失敗: cannot import name 'run_single_driver_comprehensive_analysis' from 'modules' (unknown location)
2025-09-29 15:24:29 | ERROR | f1.console | [WARNING] 部分模組導入失敗: cannot import name 'run_single_driver_comprehensive_analysis' from 'modules' (unknown location)
2025-09-29 15:24:29 | ERROR | f1.console | [WARNING] 部分模組導入失敗: cannot import name 'run_single_driver_comprehensive_analysis' from 'modules' (unknown location)
2025-09-29 15:24:29 | ERROR | f1.console | [WARNING] 部分模組導入失敗: cannot import name 'run_single_driver_comprehensive_analysis' from 'modules' (unknown location)
2025-09-29 15:24:29 | ERROR | f1.console | [WARNING] 部分模組導入失敗: cannot import name 'run_single_driver_comprehensive_analysis' from 'modules' (unknown location)
2025-09-29 15:24:29 | ERROR | f1.console | [WARNING] 部分模組導入失敗: cannot import name 'run_single_driver_comprehensive_analysis' from 'modules' (unknown location)
2025-09-29 15:24:29 | ERROR | f1.console | [WARNING] 部分模組導入失敗: cannot import name 'run_single_driver_comprehensive_analysis' from 'modules' (unknown location)
2025-09-29 15:24:30 | ERROR | f1.console | [WARNING] 部分模組導入失敗: cannot import name 'run_single_driver_comprehensive_analysis' from 'modules' (unknown location)
2025-09-29 15:24:30 | ERROR | f1.console | [WARNING] 部分模組導入失敗: cannot import name 'run_single_driver_comprehensive_analysis' from 'modules' (unknown location)
2025-09-29 15:24:30 | ERROR | f1.console | [WARNING] 部分模組導入失敗: cannot import name 'run_single_driver_comprehensive_analysis' from 'modules' (unknown location)
2025-09-29 20:22:19 | ERROR | f1.console | [WARNING] 部分模組導入失敗: cannot import name 'run_single_driver_comprehensive_analysis' from 'modules' (unknown location)
2025-09-29 20:22:19 | ERROR | f1.console | [WARNING] 部分模組導入失敗: cannot import name 'run_single_driver_comprehensive_analysis' from 'modules' (unknown location)
2025-09-29 20:22:19 | ERROR | f1.console | [WARNING] 部分模組導入失敗: cannot import name 'run_single_driver_comprehensive_analysis' from 'modules' (unknown location)
2025-09-29 20:22:19 | ERROR | f1.console | ❌ 導入 core 模組失敗: No module named 'core.json_generator'
2025-09-29 20:22:19 | ERROR | f1.console | [WARNING] 部分模組導入失敗: cannot import name 'run_single_driver_comprehensive_analysis' from 'modules' (unknown location)
2025-09-29 20:22:19 | ERROR | f1.console | [WARNING] 部分模組導入失敗: cannot import name 'run_single_driver_comprehensive_analysis' from 'modules' (unknown location)
2025-09-29 20:22:19 | ERROR | f1.console | [WARNING] 部分模組導入失敗: cannot import name 'run_single_driver_comprehensive_analysis' from 'modules' (unknown location)
2025-09-29 20:22:19 | ERROR | f1.console | [WARNING] 部分模組導入失敗: cannot import name 'run_single_driver_comprehensive_analysis' from 'modules' (unknown location)
2025-09-29 20:22:19 | ERROR | f1.console | [WARNING] 部分模組導入失敗: cannot import name 'run_single_driver_comprehensive_analysis' from 'modules' (unknown location)
2025-09-29 20:22:23 | ERROR | f1.console | [WARNING] 部分模組導入失敗: cannot import name 'run_single_driver_comprehensive_analysis' from 'modules' (unknown location)
2025-09-29 20:22:23 | ERROR | f1.console | [WARNING] 部分模組導入失敗: cannot import name 'run_single_driver_comprehensive_analysis' from 'modules' (unknown location)
2025-09-29 20:22:23 | ERROR | f1.console | [WARNING] 部分模組導入失敗: cannot import name 'run_single_driver_comprehensive_analysis' from 'modules' (unknown location)
2025-09-29 20:22:24 | ERROR | f1.console | [WARNING] 部分模組導入失敗: cannot import name 'run_single_driver_comprehensive_analysis' from 'modules' (unknown location)
2025-09-29 20:22:24 | ERROR | f1.console | [WARNING] 部分模組導入失敗: cannot import name 'run_single_driver_comprehensive_analysis' from 'modules' (unknown location)
2025-09-29 20:22:24 | ERROR | f1.console | [WARNING] 部分模組導入失敗: cannot import name 'run_single_driver_comprehensive_analysis' from 'modules' (unknown location)
2025-09-29 20:22:24 | ERROR | f1.console | [WARNING] 部分模組導入失敗: cannot import name 'run_single_driver_comprehensive_analysis' from 'modules' (unknown location)
2025-09-29 20:22:24 | ERROR | f1.console | [WARNING] 部分模組導入失敗: cannot import name 'run_single_driver_comprehensive_analysis' from 'modules' (unknown location)
2025-09-29 20:22:24 | ERROR | f1.console | [WARNING] 部分模組導入失敗: cannot import name 'run_single_driver_comprehensive_analysis' from 'modules' (unknown location)
2025-09-29 22:46:31 | ERROR | f1.console | [WARNING] 部分模組導入失敗: cannot import name 'run_single_driver_comprehensive_analysis' from 'modules' (unknown location)
2025-09-29 22:46:31 | ERROR | f1.console | [WARNING] 部分模組導入失敗: cannot import name 'run_single_driver_comprehensive_analysis' from 'modules' (unknown location)
2025-09-29 22:46:31 | ERROR | f1.console | [WARNING] 部分模組導入失敗: cannot import name 'run_single_driver_comprehensive_analysis' from 'modules' (unknown location)
2025-09-29 22:46:31 | ERROR | f1.console | [WARNING] 部分模組導入失敗: cannot import name 'run_single_driver_comprehensive_analysis' from 'modules' (unknown location)
2025-09-29 22:46:31 | ERROR | f1.console | [WARNING] 部分模組導入失敗: cannot import name 'run_single_driver_comprehensive_analysis' from 'modules' (unknown location)
2025-09-29 22:46:31 | ERROR | f1.console | [WARNING] 部分模組導入失敗: cannot import name 'run_single_driver_comprehensive_analysis' from 'modules' (unknown location)
2025-09-29 22:46:31 | ERROR | f1.console | [WARNING] 部分模組導入失敗: cannot import name 'run_single_driver_comprehensive_analysis' from 'modules' (unknown location)
2025-09-29 22:46:31 | ERROR | f1.console | [WARNING] 部分模組導入失敗: cannot import name 'run_single_driver_comprehensive_analysis' from 'modules' (unknown location)
2025-09-29 22:46:31 | ERROR | f1.console | ❌ 導入 core 模組失敗: No module named 'core.json_generator'
2025-09-29 22:46:31 | WARNING | f1.console |    [WARNING] 基於位置計算距離
2025-09-30 01:22:26 | ERROR | f1.console | [WARNING] 部分模組導入失敗: cannot import name 'run_single_driver_comprehensive_analysis' from 'modules' (unknown location)
2025-09-30 01:25:49 | ERROR | f1.console | [WARNING] 部分模組導入失敗: cannot import name 'run_single_driver_comprehensive_analysis' from 'modules' (unknown location)
